// Jest Snapshot v1, https://goo.gl/fbAQLP

exports[`LoginPage passes when rendering the LoginPage component is a success 1`] = `
Object {
  "asFragment": [Function],
  "baseElement": <body>
    <div>
      <div
        class="div-login"
      >
        <div
          class="mt-3 p-3 bg-light  rounded"
        >
          <h2>
            Welcome to Employee Polls
          </h2>
        </div>
        <img
          alt="avatar-user"
          class="img-polls"
          src="./images/polls.jpg"
        />
        <br />
        <form>
          <div
            class="nb-3"
          >
            <label
              class="form-label"
              data-testid="username"
            >
              Username
            </label>
            <input
              class="form-control"
              data-testid="txt-usr"
              name="usernameTxt"
              placeholder="username here ..."
              type="text"
            />
          </div>
          <div
            class="nb-3"
          >
            <label
              class="form-label"
              data-testid="password"
            >
              Password
            </label>
            <input
              class="form-control"
              data-testid="txt-pwd"
              name="passwordTxt"
              placeholder="password here ..."
              type="password"
            />
          </div>
          <br />
          <button
            class="btn btn-outline-success"
            data-testid="btn-login"
            type="submit"
          >
            Login
          </button>
          <div
            class="spc-mrg"
            style="color: red;"
          />
        </form>
      </div>
    </div>
  </body>,
  "container": <div>
    <div
      class="div-login"
    >
      <div
        class="mt-3 p-3 bg-light  rounded"
      >
        <h2>
          Welcome to Employee Polls
        </h2>
      </div>
      <img
        alt="avatar-user"
        class="img-polls"
        src="./images/polls.jpg"
      />
      <br />
      <form>
        <div
          class="nb-3"
        >
          <label
            class="form-label"
            data-testid="username"
          >
            Username
          </label>
          <input
            class="form-control"
            data-testid="txt-usr"
            name="usernameTxt"
            placeholder="username here ..."
            type="text"
          />
        </div>
        <div
          class="nb-3"
        >
          <label
            class="form-label"
            data-testid="password"
          >
            Password
          </label>
          <input
            class="form-control"
            data-testid="txt-pwd"
            name="passwordTxt"
            placeholder="password here ..."
            type="password"
          />
        </div>
        <br />
        <button
          class="btn btn-outline-success"
          data-testid="btn-login"
          type="submit"
        >
          Login
        </button>
        <div
          class="spc-mrg"
          style="color: red;"
        />
      </form>
    </div>
  </div>,
  "debug": [Function],
  "findAllByAltText": [Function],
  "findAllByDisplayValue": [Function],
  "findAllByLabelText": [Function],
  "findAllByPlaceholderText": [Function],
  "findAllByRole": [Function],
  "findAllByTestId": [Function],
  "findAllByText": [Function],
  "findAllByTitle": [Function],
  "findByAltText": [Function],
  "findByDisplayValue": [Function],
  "findByLabelText": [Function],
  "findByPlaceholderText": [Function],
  "findByRole": [Function],
  "findByTestId": [Function],
  "findByText": [Function],
  "findByTitle": [Function],
  "getAllByAltText": [Function],
  "getAllByDisplayValue": [Function],
  "getAllByLabelText": [Function],
  "getAllByPlaceholderText": [Function],
  "getAllByRole": [Function],
  "getAllByTestId": [Function],
  "getAllByText": [Function],
  "getAllByTitle": [Function],
  "getByAltText": [Function],
  "getByDisplayValue": [Function],
  "getByLabelText": [Function],
  "getByPlaceholderText": [Function],
  "getByRole": [Function],
  "getByTestId": [Function],
  "getByText": [Function],
  "getByTitle": [Function],
  "queryAllByAltText": [Function],
  "queryAllByDisplayValue": [Function],
  "queryAllByLabelText": [Function],
  "queryAllByPlaceholderText": [Function],
  "queryAllByRole": [Function],
  "queryAllByTestId": [Function],
  "queryAllByText": [Function],
  "queryAllByTitle": [Function],
  "queryByAltText": [Function],
  "queryByDisplayValue": [Function],
  "queryByLabelText": [Function],
  "queryByPlaceholderText": [Function],
  "queryByRole": [Function],
  "queryByTestId": [Function],
  "queryByText": [Function],
  "queryByTitle": [Function],
  "rerender": [Function],
  "unmount": [Function],
}
`;
