// Jest Snapshot v1, https://goo.gl/fbAQLP

exports[`NewQuestionPage passes when rendering the NewQuestionPage component is a success 1`] = `
Object {
  "asFragment": [Function],
  "baseElement": <body>
    <div>
      <div>
        <div
          class=" pg-title mt-3 p-2 bg-light  rounded"
        >
          <h2>
            Create New Poll
          </h2>
        </div>
        <div
          class="spc-mrg"
        >
          <h5>
            <i>
              Would you Rather ?
            </i>
          </h5>
        </div>
        <form>
          <div
            class="nb-3"
          >
            <label
              class="form-label"
              data-testid="test-lbl1"
            >
              optionOne
            </label>
            <input
              class="form-control"
              data-testid="test-inp1"
              name="optionOneText"
              placeholder="First Option here ..."
              type="text"
            />
          </div>
          <div
            class="nb-3"
          >
            <label
              class="form-label"
              data-testid="test-lbl2"
            >
              optionTwo
            </label>
            <input
              class="form-control"
              data-testid="test-inp2"
              name="optionTwoText"
              placeholder="Second Option here ..."
              type="text"
            />
          </div>
          <br />
          <button
            class="btn btn-success"
            data-testid="test-btn"
            type="submit"
          >
            Submit
          </button>
        </form>
      </div>
    </div>
  </body>,
  "container": <div>
    <div>
      <div
        class=" pg-title mt-3 p-2 bg-light  rounded"
      >
        <h2>
          Create New Poll
        </h2>
      </div>
      <div
        class="spc-mrg"
      >
        <h5>
          <i>
            Would you Rather ?
          </i>
        </h5>
      </div>
      <form>
        <div
          class="nb-3"
        >
          <label
            class="form-label"
            data-testid="test-lbl1"
          >
            optionOne
          </label>
          <input
            class="form-control"
            data-testid="test-inp1"
            name="optionOneText"
            placeholder="First Option here ..."
            type="text"
          />
        </div>
        <div
          class="nb-3"
        >
          <label
            class="form-label"
            data-testid="test-lbl2"
          >
            optionTwo
          </label>
          <input
            class="form-control"
            data-testid="test-inp2"
            name="optionTwoText"
            placeholder="Second Option here ..."
            type="text"
          />
        </div>
        <br />
        <button
          class="btn btn-success"
          data-testid="test-btn"
          type="submit"
        >
          Submit
        </button>
      </form>
    </div>
  </div>,
  "debug": [Function],
  "findAllByAltText": [Function],
  "findAllByDisplayValue": [Function],
  "findAllByLabelText": [Function],
  "findAllByPlaceholderText": [Function],
  "findAllByRole": [Function],
  "findAllByTestId": [Function],
  "findAllByText": [Function],
  "findAllByTitle": [Function],
  "findByAltText": [Function],
  "findByDisplayValue": [Function],
  "findByLabelText": [Function],
  "findByPlaceholderText": [Function],
  "findByRole": [Function],
  "findByTestId": [Function],
  "findByText": [Function],
  "findByTitle": [Function],
  "getAllByAltText": [Function],
  "getAllByDisplayValue": [Function],
  "getAllByLabelText": [Function],
  "getAllByPlaceholderText": [Function],
  "getAllByRole": [Function],
  "getAllByTestId": [Function],
  "getAllByText": [Function],
  "getAllByTitle": [Function],
  "getByAltText": [Function],
  "getByDisplayValue": [Function],
  "getByLabelText": [Function],
  "getByPlaceholderText": [Function],
  "getByRole": [Function],
  "getByTestId": [Function],
  "getByText": [Function],
  "getByTitle": [Function],
  "queryAllByAltText": [Function],
  "queryAllByDisplayValue": [Function],
  "queryAllByLabelText": [Function],
  "queryAllByPlaceholderText": [Function],
  "queryAllByRole": [Function],
  "queryAllByTestId": [Function],
  "queryAllByText": [Function],
  "queryAllByTitle": [Function],
  "queryByAltText": [Function],
  "queryByDisplayValue": [Function],
  "queryByLabelText": [Function],
  "queryByPlaceholderText": [Function],
  "queryByRole": [Function],
  "queryByTestId": [Function],
  "queryByText": [Function],
  "queryByTitle": [Function],
  "rerender": [Function],
  "unmount": [Function],
}
`;
